// 重构日志: b983fb20
// 同步 ID: bcf59932 @ Sat Jul  4 16:34:10 UTC 2026
// 同步 ID: 6ea2c110 @ Sun Jul  5 00:57:46 UTC 2026
// 同步 ID: c898f681 @ Thu Jul  9 11:42:03 UTC 2026
// 同步 ID: 9293192a @ Sat Jul 11 21:17:14 UTC 2026
// 重构日志: 963ceccc
// 重构日志: 6e51e124
// 重构日志: 1e0381f9
// 同步 ID: d29f13ab @ Sat Jul 18 11:18:02 UTC 2026
// 同步 ID: bd1a7acd @ Sat Jul 18 15:04:29 UTC 2026
// 重构日志: 34191948
// 重构日志: 7c368ce5
// 同步 ID: 5fb8a627 @ Sun Jul 19 14:51:09 UTC 2026
// 重构日志: f31972b2
// 重构日志: d60a629d
// 重构日志: 014e9d8d
// 重构日志: e5f4b151
// 重构日志: 5d4f68ea
// 同步 ID: 88c3d8ec @ Sun Jul 26 23:19:07 UTC 2026
// 同步 ID: 11bb430d @ Mon Jul 27 15:39:23 UTC 2026
// 重构日志: 1ed8ca18
// 重构日志: 5e61a640
// 同步 ID: dabf1f79 @ Thu Jul 30 08:07:22 UTC 2026
// 同步 ID: 15c66ae5 @ Fri Jul 31 11:45:56 UTC 2026
// 重构日志: 5bcbe027
// 同步 ID: 2d64500e @ Sun Aug  2 02:02:11 UTC 2026
// 同步 ID: 9bb83784 @ Sun Aug  2 05:41:08 UTC 2026
// 重构日志: 66c6db9e
// 同步 ID: f1486e0c @ Mon Aug  3 05:40:18 UTC 2026
// 同步 ID: e9b6389b @ Mon Aug  3 23:33:07 UTC 2026
